client stdout:

client stderr:

compositor stdout:

compositor stderr:
00:00:00.000 [INFO] [../src/wtwm.c:11442] 10 twm directives accepted but not effective; run wtwm-config for details
00:00:00.000 [INFO] [backend/headless/backend.c:67] Creating headless backend
00:00:00.000 [INFO] [util/env.c:25] Loading WLR_RENDERER option: pixman
00:00:00.000 [INFO] [render/pixman/renderer.c:328] Creating pixman renderer
00:00:00.007 [INFO] [backend/headless/backend.c:17] Starting headless backend
00:00:00.007 [INFO] [../src/wtwm.c:856] Xwayland allocated DISPLAY=:0
00:00:00.007 [INFO] [../src/wtwm.c:11579] wtwm running on WAYLAND_DISPLAY=wtwm-m7-differential-13089
00:00:00.008 [INFO] [xwayland/server.c:107] Starting Xwayland on :0
Xwayland glamor: GBM Wayland interfaces not available
Failed to initialize glamor, falling back to sw
00:00:00.073 [INFO] [../src/wtwm.c:775] Xwayland ready on DISPLAY=:0
The XKEYBOARD keymap compiler (xkbcomp) reports:
> Warning:          Unsupported maximum keycode 708, clipping.
>                   X11 cannot support keycodes above 255.
> Warning:          Could not resolve keysym XF86KbdInputAssistPrevgrou
> Warning:          Could not resolve keysym XF86KbdInputAssistNextgrou
Errors from xkbcomp are not fatal to the X server
00:00:00.296 [ERROR] [xwayland/xwm.c:1633] xcb error: op ChangeProperty (no minor), code Window (no extension), sequence 232, value 6291457
00:00:00.296 [ERROR] [xwayland/xwm.c:1633] xcb error: op DeleteProperty (no minor), code Window (no extension), sequence 233, value 6291457
00:00:00.296 [ERROR] [xwayland/xwm.c:1633] xcb error: op ChangeProperty (no minor), code Window (no extension), sequence 237, value 6291458
00:00:00.296 [ERROR] [xwayland/xwm.c:1633] xcb error: op DeleteProperty (no minor), code Window (no extension), sequence 238, value 6291458
(EE) failed to write to Xwayland fd: Broken pipe
